yarn run v1.22.22
$ next build
▲ Next.js 16.1.0 (Turbopack)

  Creating an optimized production build ...
✓ Compiled successfully in 2.6s
  Running TypeScript ...
  Collecting page data using 7 workers ...
  Generating static pages using 7 workers (0/25) ...
  Generating static pages using 7 workers (6/25) 
  Generating static pages using 7 workers (12/25) 
  Generating static pages using 7 workers (18/25) 
✓ Generating static pages using 7 workers (25/25) in 529.5ms
  Finalizing page optimization ...

Route (app)
┌ ○ /
├ ○ /_not-found
├ ○ /about
├ ○ /appointment
├ ○ /clinics
├ ○ /clinics/parth
├ ○ /clinics/parul-sevashram
├ ○ /clinics/satyam
├ ○ /contact
├ ○ /expertise/aesthetic-gynecology
├ ○ /expertise/dr-smit
├ ○ /expertise/ivf-iui
├ ○ /faqs
├ ○ /fertility
├ ○ /laparoscopy-robotic-surgery
├ ○ /papers
├ ○ /patient-support/faqs
├ ○ /patient-support/stories
├ ○ /patient-support/support-circle
├ ○ /research-insights
├ ○ /sitemap
├ ○ /testimonials
└ ○ /urogynecology


○  (Static)  prerendered as static content

Done in 8.68s.
